** Drc report for ErgonomicGamepad.kicad_pcb **
** Created on 2026-07-25T19:11:42 **
** Report includes: Errors, Warnings **

** Found 62 DRC violations **
[invalid_outline]: Board has malformed outline (no edges found on Edge.Cuts layer)
    Local override; error
    @(0.0000 mm, 0.0000 mm): PCB
[silk_overlap]: Silkscreen clearance
    Rule: board setup constraints silk; warning
    @(209.3081 mm, 102.3081 mm): Reference field of DM11
    @(209.7395 mm, 100.4626 mm): Segment of DM11 on F.Silkscreen
[silk_overlap]: Silkscreen clearance
    Rule: board setup constraints silk; warning
    @(209.3081 mm, 122.3081 mm): Reference field of DM12
    @(209.7395 mm, 120.4626 mm): Segment of DM12 on F.Silkscreen
[silk_overlap]: Silkscreen clearance
    Rule: board setup constraints silk; warning
    @(189.3081 mm, 122.3081 mm): Reference field of DM08
    @(189.7395 mm, 120.4626 mm): Segment of DM08 on F.Silkscreen
[silk_overlap]: Silkscreen clearance
    Rule: board setup constraints silk; warning
    @(199.4920 mm, 185.5000 mm): Reference field of TP9
    @(201.8900 mm, 185.5000 mm): Circle of TP9 on F.Silkscreen
[silk_overlap]: Silkscreen clearance
    Rule: board setup constraints silk; warning
    @(199.4920 mm, 170.2600 mm): Reference field of TP8
    @(201.8900 mm, 170.2600 mm): Circle of TP8 on F.Silkscreen
[silk_overlap]: Silkscreen clearance
    Rule: board setup constraints silk; warning
    @(229.7395 mm, 120.4626 mm): Segment of DM16 on F.Silkscreen
    @(229.3081 mm, 122.3081 mm): Reference field of DM16
[silk_overlap]: Silkscreen clearance
    Rule: board setup constraints silk; warning
    @(229.7395 mm, 100.4626 mm): Segment of DM15 on F.Silkscreen
    @(229.3081 mm, 102.3081 mm): Reference field of DM15
[silk_overlap]: Silkscreen clearance
    Rule: board setup constraints silk; warning
    @(70.9200 mm, 102.9500 mm): Reference field of R2
    @(71.8275 mm, 103.1873 mm): Segment of R2 on F.Silkscreen
[silk_overlap]: Silkscreen clearance
    Rule: board setup constraints silk; warning
    @(21.1720 mm, 58.5000 mm): Reference field of TP2
    @(22.8200 mm, 58.5000 mm): Circle of TP2 on F.Silkscreen
[silk_overlap]: Silkscreen clearance
    Rule: board setup constraints silk; warning
    @(53.1900 mm, 53.5300 mm): Segment of JP1 on F.Silkscreen
    @(52.1900 mm, 52.1500 mm): Reference field of JP1
[silk_overlap]: Silkscreen clearance
    Rule: board setup constraints silk; warning
    @(50.3820 mm, 71.2000 mm): Reference field of TP1
    @(52.0300 mm, 71.2000 mm): Circle of TP1 on F.Silkscreen
[silk_overlap]: Silkscreen clearance
    Rule: board setup constraints silk; warning
    @(72.8600 mm, 79.9494 mm): Segment of C2 on F.Silkscreen
    @(73.7800 mm, 80.0900 mm): Reference field of C2
[silk_overlap]: Silkscreen clearance
    Rule: board setup constraints silk; warning
    @(73.7800 mm, 72.4700 mm): Reference field of C1
    @(72.8600 mm, 72.3294 mm): Segment of C1 on F.Silkscreen
[silk_overlap]: Silkscreen clearance
    Rule: board setup constraints silk; warning
    @(169.3081 mm, 102.3081 mm): Reference field of DM03
    @(169.7395 mm, 100.4626 mm): Segment of DM03 on F.Silkscreen
[silk_overlap]: Silkscreen clearance
    Rule: board setup constraints silk; warning
    @(169.3081 mm, 82.3081 mm): Reference field of DM02
    @(169.7395 mm, 80.4626 mm): Segment of DM02 on F.Silkscreen
[silk_overlap]: Silkscreen clearance
    Rule: board setup constraints silk; warning
    @(144.5800 mm, 157.5600 mm): Reference field of R6
    @(145.4875 mm, 157.7973 mm): Segment of R6 on F.Silkscreen
[silk_overlap]: Silkscreen clearance
    Rule: board setup constraints silk; warning
    @(169.7395 mm, 60.4626 mm): Segment of DM01 on F.Silkscreen
    @(169.3081 mm, 62.3081 mm): Reference field of DM01
[silk_overlap]: Silkscreen clearance
    Rule: board setup constraints silk; warning
    @(169.3081 mm, 122.3081 mm): Reference field of DM04
    @(169.7395 mm, 120.4626 mm): Segment of DM04 on F.Silkscreen
[silk_overlap]: Silkscreen clearance
    Rule: board setup constraints silk; warning
    @(189.7395 mm, 60.4626 mm): Segment of DM05 on F.Silkscreen
    @(189.3081 mm, 62.3081 mm): Reference field of DM05
[silk_overlap]: Silkscreen clearance
    Rule: board setup constraints silk; warning
    @(189.7395 mm, 80.4626 mm): Segment of DM06 on F.Silkscreen
    @(189.3081 mm, 82.3081 mm): Reference field of DM06
[silk_overlap]: Silkscreen clearance
    Rule: board setup constraints silk; warning
    @(249.3081 mm, 102.3081 mm): Reference field of DM19
    @(249.7395 mm, 100.4626 mm): Segment of DM19 on F.Silkscreen
[silk_overlap]: Silkscreen clearance
    Rule: board setup constraints silk; warning
    @(249.7395 mm, 120.4626 mm): Segment of DM20 on F.Silkscreen
    @(249.3081 mm, 122.3081 mm): Reference field of DM20
[silk_overlap]: Silkscreen clearance
    Rule: board setup constraints silk; warning
    @(229.3081 mm, 62.3081 mm): Reference field of DM13
    @(229.7395 mm, 60.4626 mm): Segment of DM13 on F.Silkscreen
[silk_overlap]: Silkscreen clearance
    Rule: board setup constraints silk; warning
    @(229.7395 mm, 80.4626 mm): Segment of DM14 on F.Silkscreen
    @(229.3081 mm, 82.3081 mm): Reference field of DM14
[silk_overlap]: Silkscreen clearance
    Rule: board setup constraints silk; warning
    @(209.7395 mm, 60.4626 mm): Segment of DM09 on F.Silkscreen
    @(209.3081 mm, 62.3081 mm): Reference field of DM09
[silk_overlap]: Silkscreen clearance
    Rule: board setup constraints silk; warning
    @(269.7395 mm, 100.4626 mm): Segment of DM23 on F.Silkscreen
    @(269.3081 mm, 102.3081 mm): Reference field of DM23
[silk_overlap]: Silkscreen clearance
    Rule: board setup constraints silk; warning
    @(269.3081 mm, 122.3081 mm): Reference field of DM24
    @(269.7395 mm, 120.4626 mm): Segment of DM24 on F.Silkscreen
[silk_overlap]: Silkscreen clearance
    Rule: board setup constraints silk; warning
    @(269.3081 mm, 82.3081 mm): Reference field of DM22
    @(269.7395 mm, 80.4626 mm): Segment of DM22 on F.Silkscreen
[silk_overlap]: Silkscreen clearance
    Rule: board setup constraints silk; warning
    @(249.3081 mm, 62.3081 mm): Reference field of DM17
    @(249.7395 mm, 60.4626 mm): Segment of DM17 on F.Silkscreen
[silk_overlap]: Silkscreen clearance
    Rule: board setup constraints silk; warning
    @(269.7395 mm, 60.4626 mm): Segment of DM21 on F.Silkscreen
    @(269.3081 mm, 62.3081 mm): Reference field of DM21
[silk_overlap]: Silkscreen clearance
    Rule: board setup constraints silk; warning
    @(249.3081 mm, 82.3081 mm): Reference field of DM18
    @(249.7395 mm, 80.4626 mm): Segment of DM18 on F.Silkscreen
[silk_overlap]: Silkscreen clearance
    Rule: board setup constraints silk; warning
    @(189.7395 mm, 100.4626 mm): Segment of DM07 on F.Silkscreen
    @(189.3081 mm, 102.3081 mm): Reference field of DM07
[silk_overlap]: Silkscreen clearance
    Rule: board setup constraints silk; warning
    @(209.3081 mm, 82.3081 mm): Reference field of DM10
    @(209.7395 mm, 80.4626 mm): Segment of DM10 on F.Silkscreen
[silk_over_copper]: Silkscreen clipped by solder mask
    Local override; warning
    @(209.3081 mm, 102.3081 mm): Reference field of DM11
    @(207.2575 mm, 101.7425 mm): Pad 2 [Net-(DM11-A)] of DM11 on F.Cu
[silk_over_copper]: Silkscreen clipped by solder mask
    Local override; warning
    @(209.3081 mm, 122.3081 mm): Reference field of DM12
    @(207.2575 mm, 121.7425 mm): Pad 2 [Net-(DM12-A)] of DM12 on F.Cu
[silk_over_copper]: Silkscreen clipped by solder mask
    Local override; warning
    @(199.4920 mm, 185.5000 mm): Reference field of TP9
    @(201.8900 mm, 185.5000 mm): PTH pad 1 [GND] of TP9
[silk_over_copper]: Silkscreen clipped by solder mask
    Local override; warning
    @(199.4920 mm, 170.2600 mm): Reference field of TP8
    @(201.8900 mm, 170.2600 mm): PTH pad 1 [+5V] of TP8
[silk_over_copper]: Silkscreen clipped by solder mask
    Local override; warning
    @(189.3081 mm, 122.3081 mm): Reference field of DM08
    @(187.2575 mm, 121.7425 mm): Pad 2 [Net-(DM08-A)] of DM08 on F.Cu
[silk_over_copper]: Silkscreen clipped by solder mask
    Local override; warning
    @(229.3081 mm, 122.3081 mm): Reference field of DM16
    @(227.2575 mm, 121.7425 mm): Pad 2 [Net-(DM16-A)] of DM16 on F.Cu
[silk_over_copper]: Silkscreen clipped by solder mask
    Local override; warning
    @(229.3081 mm, 102.3081 mm): Reference field of DM15
    @(227.2575 mm, 101.7425 mm): Pad 2 [Net-(DM15-A)] of DM15 on F.Cu
[silk_over_copper]: Silkscreen clipped by solder mask
    Local override; warning
    @(21.1720 mm, 58.5000 mm): Reference field of TP2
    @(22.8200 mm, 58.5000 mm): Pad 1 [GND] of TP2 on F.Cu
[silk_over_copper]: Silkscreen clipped by solder mask
    Local override; warning
    @(50.3820 mm, 71.2000 mm): Reference field of TP1
    @(52.0300 mm, 71.2000 mm): Pad 1 [Net-(D1-K)] of TP1 on F.Cu
[silk_over_copper]: Silkscreen clipped by solder mask
    Local override; warning
    @(169.3081 mm, 122.3081 mm): Reference field of DM04
    @(167.2575 mm, 121.7425 mm): Pad 2 [Net-(DM04-A)] of DM04 on F.Cu
[silk_over_copper]: Silkscreen clipped by solder mask
    Local override; warning
    @(169.3081 mm, 102.3081 mm): Reference field of DM03
    @(167.2575 mm, 101.7425 mm): Pad 2 [Net-(DM03-A)] of DM03 on F.Cu
[silk_over_copper]: Silkscreen clipped by solder mask
    Local override; warning
    @(169.3081 mm, 82.3081 mm): Reference field of DM02
    @(167.2575 mm, 81.7425 mm): Pad 2 [Net-(DM02-A)] of DM02 on F.Cu
[silk_over_copper]: Silkscreen clipped by solder mask
    Local override; warning
    @(169.3081 mm, 62.3081 mm): Reference field of DM01
    @(167.2575 mm, 61.7425 mm): Pad 2 [Net-(DM01-A)] of DM01 on F.Cu
[silk_over_copper]: Silkscreen clipped by solder mask
    Local override; warning
    @(189.3081 mm, 62.3081 mm): Reference field of DM05
    @(187.2575 mm, 61.7425 mm): Pad 2 [Net-(DM05-A)] of DM05 on F.Cu
[silk_over_copper]: Silkscreen clipped by solder mask
    Local override; warning
    @(189.3081 mm, 82.3081 mm): Reference field of DM06
    @(187.2575 mm, 81.7425 mm): Pad 2 [Net-(DM06-A)] of DM06 on F.Cu
[silk_over_copper]: Silkscreen clipped by solder mask
    Local override; warning
    @(269.3081 mm, 102.3081 mm): Reference field of DM23
    @(267.2575 mm, 101.7425 mm): Pad 2 [Net-(DM23-A)] of DM23 on F.Cu
[silk_over_copper]: Silkscreen clipped by solder mask
    Local override; warning
    @(249.3081 mm, 102.3081 mm): Reference field of DM19
    @(247.2575 mm, 101.7425 mm): Pad 2 [Net-(DM19-A)] of DM19 on F.Cu
[silk_over_copper]: Silkscreen clipped by solder mask
    Local override; warning
    @(249.3081 mm, 122.3081 mm): Reference field of DM20
    @(247.2575 mm, 121.7425 mm): Pad 2 [Net-(DM20-A)] of DM20 on F.Cu
[silk_over_copper]: Silkscreen clipped by solder mask
    Local override; warning
    @(229.3081 mm, 62.3081 mm): Reference field of DM13
    @(227.2575 mm, 61.7425 mm): Pad 2 [Net-(DM13-A)] of DM13 on F.Cu
[silk_over_copper]: Silkscreen clipped by solder mask
    Local override; warning
    @(229.3081 mm, 82.3081 mm): Reference field of DM14
    @(227.2575 mm, 81.7425 mm): Pad 2 [Net-(DM14-A)] of DM14 on F.Cu
[silk_over_copper]: Silkscreen clipped by solder mask
    Local override; warning
    @(269.3081 mm, 122.3081 mm): Reference field of DM24
    @(267.2575 mm, 121.7425 mm): Pad 2 [Net-(DM24-A)] of DM24 on F.Cu
[silk_over_copper]: Silkscreen clipped by solder mask
    Local override; warning
    @(269.3081 mm, 82.3081 mm): Reference field of DM22
    @(267.2575 mm, 81.7425 mm): Pad 2 [Net-(DM22-A)] of DM22 on F.Cu
[silk_over_copper]: Silkscreen clipped by solder mask
    Local override; warning
    @(249.3081 mm, 62.3081 mm): Reference field of DM17
    @(247.2575 mm, 61.7425 mm): Pad 2 [Net-(DM17-A)] of DM17 on F.Cu
[silk_over_copper]: Silkscreen clipped by solder mask
    Local override; warning
    @(269.3081 mm, 62.3081 mm): Reference field of DM21
    @(267.2575 mm, 61.7425 mm): Pad 2 [Net-(DM21-A)] of DM21 on F.Cu
[silk_over_copper]: Silkscreen clipped by solder mask
    Local override; warning
    @(249.3081 mm, 82.3081 mm): Reference field of DM18
    @(247.2575 mm, 81.7425 mm): Pad 2 [Net-(DM18-A)] of DM18 on F.Cu
[silk_over_copper]: Silkscreen clipped by solder mask
    Local override; warning
    @(189.3081 mm, 102.3081 mm): Reference field of DM07
    @(187.2575 mm, 101.7425 mm): Pad 2 [Net-(DM07-A)] of DM07 on F.Cu
[silk_over_copper]: Silkscreen clipped by solder mask
    Local override; warning
    @(209.3081 mm, 82.3081 mm): Reference field of DM10
    @(207.2575 mm, 81.7425 mm): Pad 2 [Net-(DM10-A)] of DM10 on F.Cu
[silk_over_copper]: Silkscreen clipped by solder mask
    Local override; warning
    @(209.3081 mm, 62.3081 mm): Reference field of DM09
    @(207.2575 mm, 61.7425 mm): Pad 2 [Net-(DM09-A)] of DM09 on F.Cu

** Found 145 unconnected pads **
[unconnected_items]: Missing connection between items
    Local override; error
    @(118.7300 mm, 153.0625 mm): Pad 21 [/COL3] of U1 on F.Cu
    @(208.7425 mm, 120.2575 mm): Pad 1 [/COL3] of DM12 on F.Cu
[unconnected_items]: Missing connection between items
    Local override; error
    @(208.7425 mm, 80.2575 mm): Pad 1 [/COL3] of DM10 on F.Cu
    @(208.7425 mm, 60.2575 mm): Pad 1 [/COL3] of DM09 on F.Cu
[unconnected_items]: Missing connection between items
    Local override; error
    @(208.7425 mm, 100.2575 mm): Pad 1 [/COL3] of DM11 on F.Cu
    @(208.7425 mm, 80.2575 mm): Pad 1 [/COL3] of DM10 on F.Cu
[unconnected_items]: Missing connection between items
    Local override; error
    @(208.7425 mm, 120.2575 mm): Pad 1 [/COL3] of DM12 on F.Cu
    @(208.7425 mm, 100.2575 mm): Pad 1 [/COL3] of DM11 on F.Cu
[unconnected_items]: Missing connection between items
    Local override; error
    @(117.9300 mm, 153.0625 mm): Pad 20 [/COL4] of U1 on F.Cu
    @(228.7425 mm, 120.2575 mm): Pad 1 [/COL4] of DM16 on F.Cu
[unconnected_items]: Missing connection between items
    Local override; error
    @(228.7425 mm, 80.2575 mm): Pad 1 [/COL4] of DM14 on F.Cu
    @(228.7425 mm, 60.2575 mm): Pad 1 [/COL4] of DM13 on F.Cu
[unconnected_items]: Missing connection between items
    Local override; error
    @(228.7425 mm, 100.2575 mm): Pad 1 [/COL4] of DM15 on F.Cu
    @(228.7425 mm, 80.2575 mm): Pad 1 [/COL4] of DM14 on F.Cu
[unconnected_items]: Missing connection between items
    Local override; error
    @(228.7425 mm, 120.2575 mm): Pad 1 [/COL4] of DM16 on F.Cu
    @(228.7425 mm, 100.2575 mm): Pad 1 [/COL4] of DM15 on F.Cu
[unconnected_items]: Missing connection between items
    Local override; error
    @(81.2400 mm, 95.3300 mm): Pad 1 [/D-] of TP3 on F.Cu
    @(72.3500 mm, 97.0450 mm): Pad 2 [/D-] of R1 on F.Cu
[unconnected_items]: Missing connection between items
    Local override; error
    @(109.8675 mm, 145.0000 mm): Pad 3 [/D-] of U1 on F.Cu
    @(81.2400 mm, 95.3300 mm): Pad 1 [/D-] of TP3 on F.Cu
[unconnected_items]: Missing connection between items
    Local override; error
    @(49.3300 mm, 176.6100 mm): PTH pad 5 [/COL1] of J4
    @(69.6500 mm, 176.6100 mm): PTH pad 5 [/COL1] of J6
[unconnected_items]: Missing connection between items
    Local override; error
    @(69.6500 mm, 146.1300 mm): PTH pad 5 [/COL1] of J3
    @(49.3300 mm, 146.1300 mm): PTH pad 5 [/COL1] of J2
[unconnected_items]: Missing connection between items
    Local override; error
    @(69.6500 mm, 146.1300 mm): PTH pad 5 [/COL1] of J3
    @(69.6500 mm, 176.6100 mm): PTH pad 5 [/COL1] of J6
[unconnected_items]: Missing connection between items
    Local override; error
    @(119.5300 mm, 153.0625 mm): Pad 22 [/COL1] of U1 on F.Cu
    @(69.6500 mm, 146.1300 mm): PTH pad 5 [/COL1] of J3
[unconnected_items]: Missing connection between items
    Local override; error
    @(119.5300 mm, 153.0625 mm): Pad 22 [/COL1] of U1 on F.Cu
    @(168.7425 mm, 120.2575 mm): Pad 1 [/COL1] of DM04 on F.Cu
[unconnected_items]: Missing connection between items
    Local override; error
    @(168.7425 mm, 80.2575 mm): Pad 1 [/COL1] of DM02 on F.Cu
    @(168.7425 mm, 60.2575 mm): Pad 1 [/COL1] of DM01 on F.Cu
[unconnected_items]: Missing connection between items
    Local override; error
    @(168.7425 mm, 100.2575 mm): Pad 1 [/COL1] of DM03 on F.Cu
    @(168.7425 mm, 80.2575 mm): Pad 1 [/COL1] of DM02 on F.Cu
[unconnected_items]: Missing connection between items
    Local override; error
    @(168.7425 mm, 120.2575 mm): Pad 1 [/COL1] of DM04 on F.Cu
    @(168.7425 mm, 100.2575 mm): Pad 1 [/COL1] of DM03 on F.Cu
[unconnected_items]: Missing connection between items
    Local override; error
    @(22.8200 mm, 58.5000 mm): Pad 1 [GND] of TP2 on F.Cu
    @(27.4050 mm, 54.6900 mm): Pad 2 [GND] of C4 on F.Cu
[unconnected_items]: Missing connection between items
    Local override; error
    @(27.4050 mm, 54.6900 mm): Pad 2 [GND] of C4 on F.Cu
    @(42.6450 mm, 54.6900 mm): Pad 2 [GND] of C5 on F.Cu
[unconnected_items]: Missing connection between items
    Local override; error
    @(28.6600 mm, 94.7400 mm): PTH pad SH [GND] of J1
    @(29.7300 mm, 93.8250 mm): Pad B12 [GND] of J1 on F.Cu
[unconnected_items]: Missing connection between items
    Local override; error
    @(28.6600 mm, 98.9200 mm): PTH pad SH [GND] of J1
    @(28.6600 mm, 94.7400 mm): PTH pad SH [GND] of J1
[unconnected_items]: Missing connection between items
    Local override; error
    @(29.7300 mm, 93.8250 mm): Pad B12 [GND] of J1 on F.Cu
    @(36.2300 mm, 93.8250 mm): Pad A12 [GND] of J1 on F.Cu
[unconnected_items]: Missing connection between items
    Local override; error
    @(31.7100 mm, 38.1800 mm): PTH pad 2 [GND] of J7
    @(27.4050 mm, 54.6900 mm): Pad 2 [GND] of C4 on F.Cu
[unconnected_items]: Missing connection between items
    Local override; error
    @(37.3000 mm, 94.7400 mm): PTH pad SH [GND] of J1
    @(36.2300 mm, 93.8250 mm): Pad A12 [GND] of J1 on F.Cu
[unconnected_items]: Missing connection between items
    Local override; error
    @(37.3000 mm, 94.7400 mm): PTH pad SH [GND] of J1
    @(37.3000 mm, 98.9200 mm): PTH pad SH [GND] of J1
[unconnected_items]: Missing connection between items
    Local override; error
    @(42.6450 mm, 54.6900 mm): Pad 2 [GND] of C5 on F.Cu
    @(69.3150 mm, 63.5800 mm): Pad 1 [GND] of C3 on F.Cu
[unconnected_items]: Missing connection between items
    Local override; error
    @(52.0300 mm, 91.9650 mm): Pad 1 [GND] of R5 on F.Cu
    @(52.0300 mm, 86.8850 mm): Pad 1 [GND] of R4 on F.Cu
[unconnected_items]: Missing connection between items
    Local override; error
    @(52.0300 mm, 91.9650 mm): Pad 1 [GND] of R5 on F.Cu
    @(37.3000 mm, 94.7400 mm): PTH pad SH [GND] of J1
[unconnected_items]: Missing connection between items
    Local override; error
    @(58.5125 mm, 111.8400 mm): Pad 2 [GND] of U2 on F.Cu
    @(52.0300 mm, 91.9650 mm): Pad 1 [GND] of R5 on F.Cu
[unconnected_items]: Missing connection between items
    Local override; error
    @(69.3150 mm, 63.5800 mm): Pad 1 [GND] of C3 on F.Cu
    @(72.3500 mm, 73.2450 mm): Pad 2 [GND] of C1 on F.Cu
[unconnected_items]: Missing connection between items
    Local override; error
    @(71.9200 mm, 33.1000 mm): Pad 1 [GND] of SWR1 on F.Cu
    @(69.3150 mm, 63.5800 mm): Pad 1 [GND] of C3 on F.Cu
[unconnected_items]: Missing connection between items
    Local override; error
    @(71.9200 mm, 33.1000 mm): Pad 1 [GND] of SWR1 on F.Cu
    @(116.8150 mm, 43.2600 mm): Pad 6 [GND] of J5 on F.Cu
[unconnected_items]: Missing connection between items
    Local override; error
    @(72.3500 mm, 73.2450 mm): Pad 2 [GND] of C1 on F.Cu
    @(72.3500 mm, 80.8650 mm): Pad 2 [GND] of C2 on F.Cu
[unconnected_items]: Missing connection between items
    Local override; error
    @(72.3500 mm, 80.8650 mm): Pad 2 [GND] of C2 on F.Cu
    @(52.0300 mm, 86.8850 mm): Pad 1 [GND] of R4 on F.Cu
[unconnected_items]: Missing connection between items
    Local override; error
    @(109.8675 mm, 146.6000 mm): Pad 5 [GND] of U1 on F.Cu
    @(112.3300 mm, 141.7375 mm): Pad 43 [GND] of U1 on F.Cu
[unconnected_items]: Missing connection between items
    Local override; error
    @(109.8675 mm, 146.6000 mm): Pad 5 [GND] of U1 on F.Cu
    @(113.9300 mm, 153.0625 mm): Pad 15 [GND] of U1 on F.Cu
[unconnected_items]: Missing connection between items
    Local override; error
    @(112.3300 mm, 141.7375 mm): Pad 43 [GND] of U1 on F.Cu
    @(58.5125 mm, 111.8400 mm): Pad 2 [GND] of U2 on F.Cu
[unconnected_items]: Missing connection between items
    Local override; error
    @(113.9300 mm, 153.0625 mm): Pad 15 [GND] of U1 on F.Cu
    @(121.1925 mm, 151.4000 mm): Pad 23 [GND] of U1 on F.Cu
[unconnected_items]: Missing connection between items
    Local override; error
    @(118.7300 mm, 141.7375 mm): Pad 35 [GND] of U1 on F.Cu
    @(112.3300 mm, 141.7375 mm): Pad 43 [GND] of U1 on F.Cu
[unconnected_items]: Missing connection between items
    Local override; error
    @(158.2275 mm, 157.5600 mm): Pad 1 [GND] of LED1 on F.Cu
    @(158.2275 mm, 165.1800 mm): Pad 1 [GND] of LED2 on F.Cu
[unconnected_items]: Missing connection between items
    Local override; error
    @(158.2275 mm, 157.5600 mm): Pad 1 [GND] of LED1 on F.Cu
    @(121.1925 mm, 151.4000 mm): Pad 23 [GND] of U1 on F.Cu
[unconnected_items]: Missing connection between items
    Local override; error
    @(158.2275 mm, 165.1800 mm): Pad 1 [GND] of LED2 on F.Cu
    @(201.8900 mm, 185.5000 mm): PTH pad 1 [GND] of TP9
[unconnected_items]: Missing connection between items
    Local override; error
    @(172.6800 mm, 39.4500 mm): PTH pad 2 [GND] of JP2
    @(116.8150 mm, 43.2600 mm): Pad 6 [GND] of J5 on F.Cu
[unconnected_items]: Missing connection between items
    Local override; error
    @(75.3200 mm, 33.1000 mm): Pad 2 [/RESET] of SWR1 on F.Cu
    @(73.6200 mm, 42.4350 mm): Pad 1 [/RESET] of R3 on F.Cu
[unconnected_items]: Missing connection between items
    Local override; error
    @(112.3300 mm, 153.0625 mm): Pad 13 [/RESET] of U1 on F.Cu
    @(121.8650 mm, 43.2600 mm): Pad 5 [/RESET] of J5 on F.Cu
[unconnected_items]: Missing connection between items
    Local override; error
    @(121.8650 mm, 43.2600 mm): Pad 5 [/RESET] of J5 on F.Cu
    @(75.3200 mm, 33.1000 mm): Pad 2 [/RESET] of SWR1 on F.Cu
[unconnected_items]: Missing connection between items
    Local override; error
    @(39.3300 mm, 146.1300 mm): PTH pad 1 [/ROW1] of J2
    @(59.6500 mm, 146.1300 mm): PTH pad 1 [/ROW1] of J3
[unconnected_items]: Missing connection between items
    Local override; error
    @(39.3300 mm, 146.1300 mm): PTH pad 1 [/ROW1] of J2
    @(39.3300 mm, 176.6100 mm): PTH pad 1 [/ROW1] of J4
[unconnected_items]: Missing connection between items
    Local override; error
    @(39.3300 mm, 176.6100 mm): PTH pad 1 [/ROW1] of J4
    @(59.6500 mm, 176.6100 mm): PTH pad 1 [/ROW1] of J6
[unconnected_items]: Missing connection between items
    Local override; error
    @(59.6500 mm, 146.1300 mm): PTH pad 1 [/ROW1] of J3
    @(113.9300 mm, 141.7375 mm): Pad 41 [/ROW1] of U1 on F.Cu
[unconnected_items]: Missing connection between items
    Local override; error
    @(113.9300 mm, 141.7375 mm): Pad 41 [/ROW1] of U1 on F.Cu
    @(152.8750 mm, 67.0400 mm): Pad 1 [/ROW1] of SW01 on B.Cu
[unconnected_items]: Missing connection between items
    Local override; error
    @(172.8750 mm, 67.0400 mm): Pad 1 [/ROW1] of SW05 on B.Cu
    @(155.6500 mm, 67.0400 mm): PTH pad 1 [/ROW1] of SW01
[unconnected_items]: Missing connection between items
    Local override; error
    @(192.8750 mm, 67.0400 mm): Pad 1 [/ROW1] of SW09 on B.Cu
    @(175.6500 mm, 67.0400 mm): PTH pad 1 [/ROW1] of SW05
[unconnected_items]: Missing connection between items
    Local override; error
    @(212.8750 mm, 67.0400 mm): Pad 1 [/ROW1] of SW13 on B.Cu
    @(195.6500 mm, 67.0400 mm): PTH pad 1 [/ROW1] of SW09
[unconnected_items]: Missing connection between items
    Local override; error
    @(232.8750 mm, 67.0400 mm): Pad 1 [/ROW1] of SW17 on B.Cu
    @(215.6500 mm, 67.0400 mm): PTH pad 1 [/ROW1] of SW13
[unconnected_items]: Missing connection between items
    Local override; error
    @(252.8750 mm, 67.0400 mm): Pad 1 [/ROW1] of SW21 on B.Cu
    @(235.6500 mm, 67.0400 mm): PTH pad 1 [/ROW1] of SW17
[unconnected_items]: Missing connection between items
    Local override; error
    @(44.3300 mm, 176.6100 mm): PTH pad 3 [/ROW3] of J4
    @(64.6500 mm, 176.6100 mm): PTH pad 3 [/ROW3] of J6
[unconnected_items]: Missing connection between items
    Local override; error
    @(64.6500 mm, 146.1300 mm): PTH pad 3 [/ROW3] of J3
    @(44.3300 mm, 146.1300 mm): PTH pad 3 [/ROW3] of J2
[unconnected_items]: Missing connection between items
    Local override; error
    @(64.6500 mm, 146.1300 mm): PTH pad 3 [/ROW3] of J3
    @(115.5300 mm, 141.7375 mm): Pad 39 [/ROW3] of U1 on F.Cu
[unconnected_items]: Missing connection between items
    Local override; error
    @(64.6500 mm, 176.6100 mm): PTH pad 3 [/ROW3] of J6
    @(64.6500 mm, 146.1300 mm): PTH pad 3 [/ROW3] of J3
[unconnected_items]: Missing connection between items
    Local override; error
    @(152.8750 mm, 107.0400 mm): Pad 1 [/ROW3] of SW03 on B.Cu
    @(115.5300 mm, 141.7375 mm): Pad 39 [/ROW3] of U1 on F.Cu
[unconnected_items]: Missing connection between items
    Local override; error
    @(172.8750 mm, 107.0400 mm): Pad 1 [/ROW3] of SW07 on B.Cu
    @(155.6500 mm, 107.0400 mm): PTH pad 1 [/ROW3] of SW03
[unconnected_items]: Missing connection between items
    Local override; error
    @(192.8750 mm, 107.0400 mm): Pad 1 [/ROW3] of SW11 on B.Cu
    @(175.6500 mm, 107.0400 mm): PTH pad 1 [/ROW3] of SW07
[unconnected_items]: Missing connection between items
    Local override; error
    @(212.8750 mm, 107.0400 mm): Pad 1 [/ROW3] of SW15 on B.Cu
    @(195.6500 mm, 107.0400 mm): PTH pad 1 [/ROW3] of SW11
[unconnected_items]: Missing connection between items
    Local override; error
    @(232.8750 mm, 107.0400 mm): Pad 1 [/ROW3] of SW19 on B.Cu
    @(215.6500 mm, 107.0400 mm): PTH pad 1 [/ROW3] of SW15
[unconnected_items]: Missing connection between items
    Local override; error
    @(252.8750 mm, 107.0400 mm): Pad 1 [/ROW3] of SW23 on B.Cu
    @(235.6500 mm, 107.0400 mm): PTH pad 1 [/ROW3] of SW19
[unconnected_items]: Missing connection between items
    Local override; error
    @(25.8550 mm, 54.6900 mm): Pad 1 [+5V] of C4 on F.Cu
    @(41.0950 mm, 54.6900 mm): Pad 1 [+5V] of C5 on F.Cu
[unconnected_items]: Missing connection between items
    Local override; error
    @(26.6300 mm, 38.1800 mm): PTH pad 1 [+5V] of J7
    @(25.8550 mm, 54.6900 mm): Pad 1 [+5V] of C4 on F.Cu
[unconnected_items]: Missing connection between items
    Local override; error
    @(41.0950 mm, 54.6900 mm): Pad 1 [+5V] of C5 on F.Cu
    @(57.1100 mm, 52.1500 mm): PTH pad 2 [+5V] of JP1
[unconnected_items]: Missing connection between items
    Local override; error
    @(57.1100 mm, 52.1500 mm): PTH pad 2 [+5V] of JP1
    @(73.6200 mm, 44.0850 mm): Pad 2 [+5V] of R3 on F.Cu
[unconnected_items]: Missing connection between items
    Local override; error
    @(73.6200 mm, 44.0850 mm): Pad 2 [+5V] of R3 on F.Cu
    @(116.8150 mm, 48.3400 mm): Pad 2 [+5V] of J5 on F.Cu
[unconnected_items]: Missing connection between items
    Local override; error
    @(109.8675 mm, 144.2000 mm): Pad 2 [+5V] of U1 on F.Cu
    @(109.8675 mm, 148.2000 mm): Pad 7 [+5V] of U1 on F.Cu
[unconnected_items]: Missing connection between items
    Local override; error
    @(109.8675 mm, 148.2000 mm): Pad 7 [+5V] of U1 on F.Cu
    @(113.1300 mm, 153.0625 mm): Pad 14 [+5V] of U1 on F.Cu
[unconnected_items]: Missing connection between items
    Local override; error
    @(111.5300 mm, 141.7375 mm): Pad 44 [+5V] of U1 on F.Cu
    @(109.8675 mm, 144.2000 mm): Pad 2 [+5V] of U1 on F.Cu
[unconnected_items]: Missing connection between items
    Local override; error
    @(113.1300 mm, 141.7375 mm): Pad 42 [+5V] of U1 on F.Cu
    @(111.5300 mm, 141.7375 mm): Pad 44 [+5V] of U1 on F.Cu
[unconnected_items]: Missing connection between items
    Local override; error
    @(113.1300 mm, 153.0625 mm): Pad 14 [+5V] of U1 on F.Cu
    @(121.1925 mm, 150.6000 mm): Pad 24 [+5V] of U1 on F.Cu
[unconnected_items]: Missing connection between items
    Local override; error
    @(116.8150 mm, 48.3400 mm): Pad 2 [+5V] of J5 on F.Cu
    @(119.5300 mm, 141.7375 mm): Pad 34 [+5V] of U1 on F.Cu
[unconnected_items]: Missing connection between items
    Local override; error
    @(119.5300 mm, 141.7375 mm): Pad 34 [+5V] of U1 on F.Cu
    @(113.1300 mm, 141.7375 mm): Pad 42 [+5V] of U1 on F.Cu
[unconnected_items]: Missing connection between items
    Local override; error
    @(146.0100 mm, 158.3850 mm): Pad 1 [+5V] of R6 on F.Cu
    @(121.1925 mm, 150.6000 mm): Pad 24 [+5V] of U1 on F.Cu
[unconnected_items]: Missing connection between items
    Local override; error
    @(151.5350 mm, 36.9100 mm): Pad 1 [+5V] of R8 on F.Cu
    @(116.8150 mm, 48.3400 mm): Pad 2 [+5V] of J5 on F.Cu
[unconnected_items]: Missing connection between items
    Local override; error
    @(201.8900 mm, 170.2600 mm): PTH pad 1 [+5V] of TP8
    @(146.0100 mm, 158.3850 mm): Pad 1 [+5V] of R6 on F.Cu
[unconnected_items]: Missing connection between items
    Local override; error
    @(121.1925 mm, 149.8000 mm): Pad 25 [/COL2] of U1 on F.Cu
    @(188.7425 mm, 120.2575 mm): Pad 1 [/COL2] of DM08 on F.Cu
[unconnected_items]: Missing connection between items
    Local override; error
    @(188.7425 mm, 80.2575 mm): Pad 1 [/COL2] of DM06 on F.Cu
    @(188.7425 mm, 60.2575 mm): Pad 1 [/COL2] of DM05 on F.Cu
[unconnected_items]: Missing connection between items
    Local override; error
    @(188.7425 mm, 100.2575 mm): Pad 1 [/COL2] of DM07 on F.Cu
    @(188.7425 mm, 80.2575 mm): Pad 1 [/COL2] of DM06 on F.Cu
[unconnected_items]: Missing connection between items
    Local override; error
    @(188.7425 mm, 120.2575 mm): Pad 1 [/COL2] of DM08 on F.Cu
    @(188.7425 mm, 100.2575 mm): Pad 1 [/COL2] of DM07 on F.Cu
[unconnected_items]: Missing connection between items
    Local override; error
    @(72.3500 mm, 71.6950 mm): Pad 1 [/XTAL1] of C1 on F.Cu
    @(82.5100 mm, 77.5300 mm): Pad 1 [/XTAL1] of Y1 on F.Cu
[unconnected_items]: Missing connection between items
    Local override; error
    @(82.5100 mm, 77.5300 mm): Pad 1 [/XTAL1] of Y1 on F.Cu
    @(88.8600 mm, 69.9300 mm): Pad 1 [/XTAL1] of TP5 on F.Cu
[unconnected_items]: Missing connection between items
    Local override; error
    @(115.5300 mm, 153.0625 mm): Pad 17 [/XTAL1] of U1 on F.Cu
    @(82.5100 mm, 77.5300 mm): Pad 1 [/XTAL1] of Y1 on F.Cu
[unconnected_items]: Missing connection between items
    Local override; error
    @(46.8300 mm, 176.6100 mm): PTH pad 4 [/ROW4] of J4
    @(67.1500 mm, 176.6100 mm): PTH pad 4 [/ROW4] of J6
[unconnected_items]: Missing connection between items
    Local override; error
    @(67.1500 mm, 146.1300 mm): PTH pad 4 [/ROW4] of J3
    @(46.8300 mm, 146.1300 mm): PTH pad 4 [/ROW4] of J2
[unconnected_items]: Missing connection between items
    Local override; error
    @(67.1500 mm, 146.1300 mm): PTH pad 4 [/ROW4] of J3
    @(67.1500 mm, 176.6100 mm): PTH pad 4 [/ROW4] of J6
[unconnected_items]: Missing connection between items
    Local override; error
    @(67.1500 mm, 146.1300 mm): PTH pad 4 [/ROW4] of J3
    @(116.3300 mm, 141.7375 mm): Pad 38 [/ROW4] of U1 on F.Cu
[unconnected_items]: Missing connection between items
    Local override; error
    @(116.3300 mm, 141.7375 mm): Pad 38 [/ROW4] of U1 on F.Cu
    @(152.8750 mm, 127.0400 mm): Pad 1 [/ROW4] of SW04 on B.Cu
[unconnected_items]: Missing connection between items
    Local override; error
    @(172.8750 mm, 127.0400 mm): Pad 1 [/ROW4] of SW08 on B.Cu
    @(155.6500 mm, 127.0400 mm): PTH pad 1 [/ROW4] of SW04
[unconnected_items]: Missing connection between items
    Local override; error
    @(192.8750 mm, 127.0400 mm): Pad 1 [/ROW4] of SW12 on B.Cu
    @(175.6500 mm, 127.0400 mm): PTH pad 1 [/ROW4] of SW08
[unconnected_items]: Missing connection between items
    Local override; error
    @(212.8750 mm, 127.0400 mm): Pad 1 [/ROW4] of SW16 on B.Cu
    @(195.6500 mm, 127.0400 mm): PTH pad 1 [/ROW4] of SW12
[unconnected_items]: Missing connection between items
    Local override; error
    @(232.8750 mm, 127.0400 mm): Pad 1 [/ROW4] of SW20 on B.Cu
    @(215.6500 mm, 127.0400 mm): PTH pad 1 [/ROW4] of SW16
[unconnected_items]: Missing connection between items
    Local override; error
    @(252.8750 mm, 127.0400 mm): Pad 1 [/ROW4] of SW24 on B.Cu
    @(235.6500 mm, 127.0400 mm): PTH pad 1 [/ROW4] of SW20
[unconnected_items]: Missing connection between items
    Local override; error
    @(41.8300 mm, 146.1300 mm): PTH pad 2 [/ROW2] of J2
    @(62.1500 mm, 146.1300 mm): PTH pad 2 [/ROW2] of J3
[unconnected_items]: Missing connection between items
    Local override; error
    @(41.8300 mm, 146.1300 mm): PTH pad 2 [/ROW2] of J2
    @(41.8300 mm, 176.6100 mm): PTH pad 2 [/ROW2] of J4
[unconnected_items]: Missing connection between items
    Local override; error
    @(41.8300 mm, 176.6100 mm): PTH pad 2 [/ROW2] of J4
    @(62.1500 mm, 176.6100 mm): PTH pad 2 [/ROW2] of J6
[unconnected_items]: Missing connection between items
    Local override; error
    @(62.1500 mm, 146.1300 mm): PTH pad 2 [/ROW2] of J3
    @(114.7300 mm, 141.7375 mm): Pad 40 [/ROW2] of U1 on F.Cu
[unconnected_items]: Missing connection between items
    Local override; error
    @(114.7300 mm, 141.7375 mm): Pad 40 [/ROW2] of U1 on F.Cu
    @(152.8750 mm, 87.0400 mm): Pad 1 [/ROW2] of SW02 on B.Cu
[unconnected_items]: Missing connection between items
    Local override; error
    @(172.8750 mm, 87.0400 mm): Pad 1 [/ROW2] of SW06 on B.Cu
    @(155.6500 mm, 87.0400 mm): PTH pad 1 [/ROW2] of SW02
[unconnected_items]: Missing connection between items
    Local override; error
    @(192.8750 mm, 87.0400 mm): Pad 1 [/ROW2] of SW10 on B.Cu
    @(175.6500 mm, 87.0400 mm): PTH pad 1 [/ROW2] of SW06
[unconnected_items]: Missing connection between items
    Local override; error
    @(212.8750 mm, 87.0400 mm): Pad 1 [/ROW2] of SW14 on B.Cu
    @(195.6500 mm, 87.0400 mm): PTH pad 1 [/ROW2] of SW10
[unconnected_items]: Missing connection between items
    Local override; error
    @(232.8750 mm, 87.0400 mm): Pad 1 [/ROW2] of SW18 on B.Cu
    @(215.6500 mm, 87.0400 mm): PTH pad 1 [/ROW2] of SW14
[unconnected_items]: Missing connection between items
    Local override; error
    @(252.8750 mm, 87.0400 mm): Pad 1 [/ROW2] of SW22 on B.Cu
    @(235.6500 mm, 87.0400 mm): PTH pad 1 [/ROW2] of SW18
[unconnected_items]: Missing connection between items
    Local override; error
    @(67.7650 mm, 63.5800 mm): Pad 2 [/UCAP] of C3 on F.Cu
    @(109.8675 mm, 147.4000 mm): Pad 6 [/UCAP] of U1 on F.Cu
[unconnected_items]: Missing connection between items
    Local override; error
    @(81.2400 mm, 55.9600 mm): Pad 1 [/UCAP] of TP7 on F.Cu
    @(67.7650 mm, 63.5800 mm): Pad 2 [/UCAP] of C3 on F.Cu
[unconnected_items]: Missing connection between items
    Local override; error
    @(82.5100 mm, 75.0300 mm): Pad 2 [/XTAL2] of Y1 on F.Cu
    @(72.3500 mm, 79.3150 mm): Pad 1 [/XTAL2] of C2 on F.Cu
[unconnected_items]: Missing connection between items
    Local override; error
    @(88.8600 mm, 80.0900 mm): Pad 1 [/XTAL2] of TP6 on F.Cu
    @(82.5100 mm, 75.0300 mm): Pad 2 [/XTAL2] of Y1 on F.Cu
[unconnected_items]: Missing connection between items
    Local override; error
    @(114.7300 mm, 153.0625 mm): Pad 16 [/XTAL2] of U1 on F.Cu
    @(88.8600 mm, 80.0900 mm): Pad 1 [/XTAL2] of TP6 on F.Cu
[unconnected_items]: Missing connection between items
    Local override; error
    @(116.3300 mm, 153.0625 mm): Pad 18 [/COL6] of U1 on F.Cu
    @(268.7425 mm, 120.2575 mm): Pad 1 [/COL6] of DM24 on F.Cu
[unconnected_items]: Missing connection between items
    Local override; error
    @(268.7425 mm, 80.2575 mm): Pad 1 [/COL6] of DM22 on F.Cu
    @(268.7425 mm, 60.2575 mm): Pad 1 [/COL6] of DM21 on F.Cu
[unconnected_items]: Missing connection between items
    Local override; error
    @(268.7425 mm, 100.2575 mm): Pad 1 [/COL6] of DM23 on F.Cu
    @(268.7425 mm, 80.2575 mm): Pad 1 [/COL6] of DM22 on F.Cu
[unconnected_items]: Missing connection between items
    Local override; error
    @(268.7425 mm, 120.2575 mm): Pad 1 [/COL6] of DM24 on F.Cu
    @(268.7425 mm, 100.2575 mm): Pad 1 [/COL6] of DM23 on F.Cu
[unconnected_items]: Missing connection between items
    Local override; error
    @(109.8675 mm, 143.4000 mm): Pad 1 [Net-(U1-PE6)] of U1 on F.Cu
    @(146.0100 mm, 166.0050 mm): Pad 1 [Net-(U1-PE6)] of R7 on F.Cu
[unconnected_items]: Missing connection between items
    Local override; error
    @(146.0100 mm, 164.3550 mm): Pad 2 [Net-(LED2-A)] of R7 on F.Cu
    @(156.6525 mm, 165.1800 mm): Pad 2 [Net-(LED2-A)] of LED2 on F.Cu
[unconnected_items]: Missing connection between items
    Local override; error
    @(146.0100 mm, 156.7350 mm): Pad 2 [Net-(LED1-A)] of R6 on F.Cu
    @(156.6525 mm, 157.5600 mm): Pad 2 [Net-(LED1-A)] of LED1 on F.Cu
[unconnected_items]: Missing connection between items
    Local override; error
    @(52.0300 mm, 71.2000 mm): Pad 1 [Net-(D1-K)] of TP1 on F.Cu
    @(54.5700 mm, 73.9600 mm): Pad 1 [Net-(D1-K)] of D1 on F.Cu
[unconnected_items]: Missing connection between items
    Local override; error
    @(54.5700 mm, 52.1500 mm): PTH pad 1 [Net-(D1-K)] of JP1
    @(52.0300 mm, 71.2000 mm): Pad 1 [Net-(D1-K)] of TP1 on F.Cu
[unconnected_items]: Missing connection between items
    Local override; error
    @(81.2400 mm, 102.9500 mm): Pad 1 [/D+] of TP4 on F.Cu
    @(72.3500 mm, 102.1250 mm): Pad 2 [/D+] of R2 on F.Cu
[unconnected_items]: Missing connection between items
    Local override; error
    @(109.8675 mm, 145.8000 mm): Pad 4 [/D+] of U1 on F.Cu
    @(81.2400 mm, 102.9500 mm): Pad 1 [/D+] of TP4 on F.Cu
[unconnected_items]: Missing connection between items
    Local override; error
    @(109.8675 mm, 151.4000 mm): Pad 11 [/MISO] of U1 on F.Cu
    @(121.8650 mm, 48.3400 mm): Pad 1 [/MISO] of J5 on F.Cu
[unconnected_items]: Missing connection between items
    Local override; error
    @(109.8675 mm, 149.8000 mm): Pad 9 [/SCK] of U1 on F.Cu
    @(121.8650 mm, 45.8000 mm): Pad 3 [/SCK] of J5 on F.Cu
[unconnected_items]: Missing connection between items
    Local override; error
    @(109.8675 mm, 150.6000 mm): Pad 10 [/MOSI] of U1 on F.Cu
    @(116.8150 mm, 45.8000 mm): Pad 4 [/MOSI] of J5 on F.Cu
[unconnected_items]: Missing connection between items
    Local override; error
    @(153.1850 mm, 36.9100 mm): Pad 2 [/HWB] of R8 on F.Cu
    @(121.1925 mm, 143.4000 mm): Pad 33 [/HWB] of U1 on F.Cu
[unconnected_items]: Missing connection between items
    Local override; error
    @(172.6800 mm, 36.9100 mm): PTH pad 1 [/HWB] of JP2
    @(153.1850 mm, 36.9100 mm): Pad 2 [/HWB] of R8 on F.Cu
[unconnected_items]: Missing connection between items
    Local override; error
    @(117.1300 mm, 153.0625 mm): Pad 19 [/COL5] of U1 on F.Cu
    @(248.7425 mm, 120.2575 mm): Pad 1 [/COL5] of DM20 on F.Cu
[unconnected_items]: Missing connection between items
    Local override; error
    @(248.7425 mm, 80.2575 mm): Pad 1 [/COL5] of DM18 on F.Cu
    @(248.7425 mm, 60.2575 mm): Pad 1 [/COL5] of DM17 on F.Cu
[unconnected_items]: Missing connection between items
    Local override; error
    @(248.7425 mm, 100.2575 mm): Pad 1 [/COL5] of DM19 on F.Cu
    @(248.7425 mm, 80.2575 mm): Pad 1 [/COL5] of DM18 on F.Cu
[unconnected_items]: Missing connection between items
    Local override; error
    @(248.7425 mm, 120.2575 mm): Pad 1 [/COL5] of DM20 on F.Cu
    @(248.7425 mm, 100.2575 mm): Pad 1 [/COL5] of DM19 on F.Cu
[unconnected_items]: Missing connection between items
    Local override; error
    @(60.7875 mm, 112.7900 mm): Pad 4 [Net-(R2-Pad1)] of U2 on F.Cu
    @(72.3500 mm, 103.7750 mm): Pad 1 [Net-(R2-Pad1)] of R2 on F.Cu
[unconnected_items]: Missing connection between items
    Local override; error
    @(33.2300 mm, 93.8250 mm): Pad A7 [Net-(J1-D--PadA7)] of J1 on F.Cu
    @(32.2300 mm, 93.8250 mm): Pad B7 [Net-(J1-D--PadA7)] of J1 on F.Cu
[unconnected_items]: Missing connection between items
    Local override; error
    @(58.5125 mm, 110.8900 mm): Pad 1 [Net-(J1-D--PadA7)] of U2 on F.Cu
    @(33.2300 mm, 93.8250 mm): Pad A7 [Net-(J1-D--PadA7)] of J1 on F.Cu
[unconnected_items]: Missing connection between items
    Local override; error
    @(33.7300 mm, 93.8250 mm): Pad B6 [Net-(J1-D+-PadA6)] of J1 on F.Cu
    @(32.7300 mm, 93.8250 mm): Pad A6 [Net-(J1-D+-PadA6)] of J1 on F.Cu
[unconnected_items]: Missing connection between items
    Local override; error
    @(58.5125 mm, 112.7900 mm): Pad 3 [Net-(J1-D+-PadA6)] of U2 on F.Cu
    @(33.7300 mm, 93.8250 mm): Pad B6 [Net-(J1-D+-PadA6)] of J1 on F.Cu
[unconnected_items]: Missing connection between items
    Local override; error
    @(30.5300 mm, 93.8250 mm): Pad B9 [/VBUS RAW] of J1 on F.Cu
    @(35.4300 mm, 93.8250 mm): Pad B4 [/VBUS RAW] of J1 on F.Cu
[unconnected_items]: Missing connection between items
    Local override; error
    @(35.4300 mm, 93.8250 mm): Pad B4 [/VBUS RAW] of J1 on F.Cu
    @(54.5700 mm, 76.0600 mm): Pad 2 [/VBUS RAW] of D1 on F.Cu
[unconnected_items]: Missing connection between items
    Local override; error
    @(60.7875 mm, 111.8400 mm): Pad 5 [/VBUS RAW] of U2 on F.Cu
    @(35.4300 mm, 93.8250 mm): Pad B4 [/VBUS RAW] of J1 on F.Cu
[unconnected_items]: Missing connection between items
    Local override; error
    @(60.7875 mm, 110.8900 mm): Pad 6 [Net-(R1-Pad1)] of U2 on F.Cu
    @(72.3500 mm, 98.6950 mm): Pad 1 [Net-(R1-Pad1)] of R1 on F.Cu
[unconnected_items]: Missing connection between items
    Local override; error
    @(34.7300 mm, 93.8250 mm): Pad B5 [Net-(J1-CC2)] of J1 on F.Cu
    @(52.0300 mm, 93.6150 mm): Pad 2 [Net-(J1-CC2)] of R5 on F.Cu
[unconnected_items]: Missing connection between items
    Local override; error
    @(31.7300 mm, 93.8250 mm): Pad A5 [Net-(J1-CC1)] of J1 on F.Cu
    @(52.0300 mm, 88.5350 mm): Pad 2 [Net-(J1-CC1)] of R4 on F.Cu

** Found 0 Footprint errors **

** Ignored checks **
    - Footprint has no courtyard defined
    - Track endpoint not centered on via
    - Tuning profile track geometries
    - Footprint doesn't match symbol's footprint filters
    - Footprint component type doesn't match footprint pads

** End of Report **
